{
    "id": 1,
    "repo_id": 168,
    "trigger": "@hook",
    "number": 1,
    "status": "success",
    "event": "push",
    "action": "",
    "link": "https://github.com/drone/drone-git/compare/61e0cb11bbb1...6783f72b40ea",
    "timestamp": 0,
    "message": "format yaml",
    "before": "",
    "after": "6783f72b40ea0af776d2ec40ef7e01c58b4794c3",
    "ref": "refs/heads/master",
    "source_repo": "",
    "source": "master",
    "target": "master",
    "author_login": "octocat",
    "author_name": "The Octocat",
    "author_email": "octocat@github.com",
    "author_avatar": "https://avatars1.githubusercontent.com/u/817538?v=4",
    "sender": "octocat",
    "started": 1537221915,
    "finished": 1537222041,
    "created": 1537221914,
    "updated": 1537221915,
    "version": 3,
    "stages": [
        {
            "id": 1,
            "build_id": 1,
            "number": 1,
            "name": "linux-amd64",
            "status": "success",
            "errignore": false,
            "exit_code": 0,
            "machine": "2e0d5b2c7ff4",
            "os": "linux",
            "arch": "amd64",
            "started": 1537221916,
            "stopped": 1537221969,
            "created": 1537221914,
            "updated": 1537221969,
            "version": 4,
            "on_success": true,
            "on_failure": false,
            "steps": [
                {
                    "id": 4,
                    "step_id": 1,
                    "number": 1,
                    "name": "clone",
                    "status": "success",
                    "exit_code": 0,
                    "started": 1537221916,
                    "stopped": 1537221918,
                    "version": 4
                },
                {
                    "id": 5,
                    "step_id": 1,
                    "number": 2,
                    "name": "test",
                    "status": "success",
                    "exit_code": 0,
                    "started": 1537221918,
                    "stopped": 1537221929,
                    "version": 4
                },
                {
                    "id": 6,
                    "step_id": 1,
                    "number": 3,
                    "name": "push",
                    "status": "success",
                    "exit_code": 0,
                    "started": 1537221929,
                    "stopped": 1537221969,
                    "version": 4
                }
            ]
        },
        {
            "id": 2,
            "build_id": 1,
            "number": 2,
            "name": "linux-arm64",
            "status": "success",
            "errignore": false,
            "exit_code": 0,
            "machine": "56bcfb7f1207",
            "os": "linux",
            "arch": "arm64",
            "started": 1537221915,
            "stopped": 1537221969,
            "created": 1537221914,
            "updated": 1537221969,
            "version": 4,
            "on_success": true,
            "on_failure": false,
            "steps": [
                {
                    "id": 1,
                    "step_id": 2,
                    "number": 1,
                    "name": "clone",
                    "status": "success",
                    "exit_code": 0,
                    "started": 1537221916,
                    "stopped": 1537221918,
                    "version": 4
                },
                {
                    "id": 2,
                    "step_id": 2,
                    "number": 2,
                    "name": "test",
                    "status": "success",
                    "exit_code": 0,
                    "started": 1537221918,
                    "stopped": 1537221930,
                    "version": 4
                },
                {
                    "id": 3,
                    "step_id": 2,
                    "number": 3,
                    "name": "push",
                    "status": "success",
                    "exit_code": 0,
                    "started": 1537221930,
                    "stopped": 1537221968,
                    "version": 4
                }
            ]
        },
        {
            "id": 3,
            "build_id": 1,
            "number": 3,
            "name": "linux-arm",
            "status": "success",
            "errignore": false,
            "exit_code": 0,
            "machine": "f01265229b89",
            "os": "linux",
            "arch": "arm",
            "started": 1537221917,
            "stopped": 1537222024,
            "created": 1537221914,
            "updated": 1537222024,
            "version": 4,
            "on_success": true,
            "on_failure": false,
            "steps": [
                {
                    "id": 7,
                    "step_id": 3,
                    "number": 1,
                    "name": "clone",
                    "status": "success",
                    "exit_code": 0,
                    "started": 1537221918,
                    "stopped": 1537221922,
                    "version": 4
                },
                {
                    "id": 8,
                    "step_id": 3,
                    "number": 2,
                    "name": "test",
                    "status": "success",
                    "exit_code": 0,
                    "started": 1537221922,
                    "stopped": 1537221937,
                    "version": 4
                },
                {
                    "id": 9,
                    "step_id": 3,
                    "number": 3,
                    "name": "push",
                    "status": "success",
                    "exit_code": 0,
                    "started": 1537221937,
                    "stopped": 1537222017,
                    "version": 4
                }
            ]
        },
        {
            "id": 4,
            "build_id": 1,
            "number": 4,
            "name": "after",
            "status": "success",
            "errignore": false,
            "exit_code": 0,
            "machine": "2e0d5b2c7ff4",
            "os": "linux",
            "arch": "amd64",
            "started": 1537222025,
            "stopped": 1537222041,
            "created": 1537221914,
            "updated": 1537222041,
            "version": 5,
            "on_success": true,
            "on_failure": false,
            "depends_on": [
                "linux-arm",
                "linux-arm64",
                "linux-amd64"
            ],
            "steps": [
                {
                    "id": 10,
                    "step_id": 4,
                    "number": 1,
                    "name": "clone",
                    "status": "success",
                    "exit_code": 0,
                    "started": 1537222025,
                    "stopped": 1537222027,
                    "version": 4
                },
                {
                    "id": 11,
                    "step_id": 4,
                    "number": 2,
                    "name": "manifest",
                    "status": "success",
                    "exit_code": 0,
                    "started": 1537222027,
                    "stopped": 1537222040,
                    "version": 4
                }
            ]
        }
    ]
}