[
    {
        "id": 1,
        "repo_id": 168,
        "trigger": "@hook",
        "number": 1,
        "status": "success",
        "event": "push",
        "action": "",
        "link": "https://github.com/drone/drone-git/compare/61e0cb11bbb1...6783f72b40ea",
        "timestamp": 0,
        "message": "format yaml",
        "before": "",
        "after": "6783f72b40ea0af776d2ec40ef7e01c58b4794c3",
        "ref": "refs/heads/master",
        "source_repo": "",
        "source": "master",
        "target": "master",
        "author_login": "octocat",
        "author_name": "The Octocat",
        "author_email": "octocat@github.com",
        "author_avatar": "https://avatars1.githubusercontent.com/u/817538?v=4",
        "sender": "octocat",
        "started": 1537221915,
        "finished": 1537222041,
        "created": 1537221914,
        "updated": 1537221915,
        "version": 3
    }
]